should work and render a Preview Service with default values:
  1: |
    apiVersion: v1
    kind: Service
    metadata:
      annotations:
        argocd.argoproj.io/sync-options: ServerSideApply=false
      labels:
        app.kubernetes.io/instance: RELEASE-NAME
        app.kubernetes.io/managed-by: Helm
        app.kubernetes.io/name: stack
        app.kubernetes.io/service: release-name-stack-service1
        app.kubernetes.io/version: 1.16.0
        helm.sh/chart: stack-2.16.0
      name: release-name-stack-service1-preview
    spec:
      ports:
        - name: http
          port: 3000
          protocol: TCP
          targetPort: http
      selector:
        app.kubernetes.io/service: release-name-stack-service1
        rollouts-pod-template-hash: ClusterIP
      type: ClusterIP
